Last login: Wed Jan 16 13:50:05 on ttys000
Sanjeevs-MacBook-Air:~ sa$ mysql -u root -p;
Enter password: 
Welcome to the MySQL monitor.  Commands end with ; or \g.
Your MySQL connection id is 13
Server version: 8.0.12 MySQL Community Server - GPL

Copyright (c) 2000, 2018, Oracle and/or its affiliates. All rights reserved.

Oracle is a registered trademark of Oracle Corporation and/or its
affiliates. Other names may be trademarks of their respective
owners.

Type 'help;' or '\h' for help. Type '\c' to clear the current input statement.

mysql> create database mytestdb2;
Query OK, 1 row affected (0.07 sec)

mysql> create user myuser2 identified by 'mypass2';
Query OK, 0 rows affected (0.15 sec)

mysql> use mytestdb2;
Database changed
mysql> GRANT ALL PRIVILEGES on mytestdb2.* to myuser2;
Query OK, 0 rows affected (0.09 sec)

mysql> flush privileges;
Query OK, 0 rows affected (0.04 sec)

mysql> exit;
Bye
Sanjeevs-MacBook-Air:~ sa$ mysql -u root -p;
Enter password: 
Welcome to the MySQL monitor.  Commands end with ; or \g.
Your MySQL connection id is 14
Server version: 8.0.12 MySQL Community Server - GPL

Copyright (c) 2000, 2018, Oracle and/or its affiliates. All rights reserved.

Oracle is a registered trademark of Oracle Corporation and/or its
affiliates. Other names may be trademarks of their respective
owners.

Type 'help;' or '\h' for help. Type '\c' to clear the current input statement.

mysql> show databases;
+--------------------+
| Database           |
+--------------------+
| information_schema |
| mysql              |
| mytestdb           |
| mytestdb2          |
| performance_schema |
| sampledb2          |
| shopping_cart      |
| sys                |
+--------------------+
8 rows in set (0.00 sec)

mysql> -u myuser2 -p;
ERROR 1064 (42000): You have an error in your SQL syntax; check the manual that corresponds to your MySQL server version for the right syntax to use near '-u myuser2 -p' at line 1
mysql> exit;
Bye
Sanjeevs-MacBook-Air:~ sa$ mysql -u myuser2 -p;
Enter password: 
Welcome to the MySQL monitor.  Commands end with ; or \g.
Your MySQL connection id is 15
Server version: 8.0.12 MySQL Community Server - GPL

Copyright (c) 2000, 2018, Oracle and/or its affiliates. All rights reserved.

Oracle is a registered trademark of Oracle Corporation and/or its
affiliates. Other names may be trademarks of their respective
owners.

Type 'help;' or '\h' for help. Type '\c' to clear the current input statement.

mysql> show databases;
+--------------------+
| Database           |
+--------------------+
| information_schema |
| mytestdb2          |
+--------------------+
2 rows in set (0.01 sec)

mysql> use mytestdb2;
Database changed
mysql> 
